universe: 309 stocks, 73 hyperedges, 309 stocks in >=1 hyperedge
seed 0 HH_hyper: val_sr 1.199 test_sr -0.392
seed 0 HH_clique: val_sr 1.809 test_sr -0.045
seed 0 HH_none: val_sr 0.696 test_sr 0.684
seed 0 EE_hyper: val_sr 1.776 test_sr -0.256
seed 0 EE_clique: val_sr 2.242 test_sr -0.177
seed 0 EE_none: val_sr 1.650 test_sr -0.185
seed 1 HH_hyper: val_sr 1.268 test_sr -0.428
seed 1 HH_clique: val_sr 1.598 test_sr -0.425
seed 1 HH_none: val_sr 1.895 test_sr 1.007
seed 1 EE_hyper: val_sr 2.260 test_sr 0.181
seed 1 EE_clique: val_sr 1.537 test_sr -0.555
seed 1 EE_none: val_sr 1.417 test_sr 0.089
seed 2 HH_hyper: val_sr 1.281 test_sr -0.507
seed 2 HH_clique: val_sr 1.447 test_sr -0.542
seed 2 HH_none: val_sr 2.491 test_sr 0.096
seed 2 EE_hyper: val_sr 1.837 test_sr -0.498
seed 2 EE_clique: val_sr 1.602 test_sr 0.764
seed 2 EE_none: val_sr 1.635 test_sr -0.035
seed 3 HH_hyper: val_sr 1.919 test_sr 1.579
seed 3 HH_clique: val_sr 1.558 test_sr 1.008
seed 3 HH_none: val_sr 1.573 test_sr 0.348
seed 3 EE_hyper: val_sr 2.100 test_sr 1.271
seed 3 EE_clique: val_sr 1.671 test_sr -0.653
seed 3 EE_none: val_sr 0.979 test_sr 1.041
seed 4 HH_hyper: val_sr 1.693 test_sr -1.250
seed 4 HH_clique: val_sr 1.616 test_sr -0.404
seed 4 HH_none: val_sr 1.464 test_sr 0.029
seed 4 EE_hyper: val_sr 1.257 test_sr 0.270
seed 4 EE_clique: val_sr 1.460 test_sr 0.624
seed 4 EE_none: val_sr 2.032 test_sr 0.111
