universe: 309 stocks, 73 hyperedges, 309 stocks in >=1 hyperedge
seed 5 HH_hyper: val_sr 1.731 test_sr -1.182
seed 5 HH_clique: val_sr 1.711 test_sr -1.605
seed 5 HH_none: val_sr 1.485 test_sr 0.018
seed 5 EE_hyper: val_sr 1.491 test_sr -0.758
seed 5 EE_clique: val_sr 1.609 test_sr -0.282
seed 5 EE_none: val_sr 0.511 test_sr -0.580
seed 6 HH_hyper: val_sr 1.953 test_sr -1.599
seed 6 HH_clique: val_sr 1.350 test_sr -1.474
seed 6 HH_none: val_sr 1.530 test_sr -0.071
seed 6 EE_hyper: val_sr 1.614 test_sr 0.473
seed 6 EE_clique: val_sr 1.718 test_sr -0.351
seed 6 EE_none: val_sr 1.939 test_sr 0.095
seed 7 HH_hyper: val_sr 1.345 test_sr -0.236
seed 7 HH_clique: val_sr 1.757 test_sr -0.462
seed 7 HH_none: val_sr 2.453 test_sr 0.623
seed 7 EE_hyper: val_sr 2.759 test_sr 1.690
seed 7 EE_clique: val_sr 1.614 test_sr -0.565
seed 7 EE_none: val_sr 1.724 test_sr 0.302
seed 8 HH_hyper: val_sr 1.386 test_sr -1.325
seed 8 HH_clique: val_sr 1.538 test_sr 0.514
seed 8 HH_none: val_sr 2.327 test_sr 0.013
seed 8 EE_hyper: val_sr 1.605 test_sr 1.285
seed 8 EE_clique: val_sr 1.740 test_sr -0.551
seed 8 EE_none: val_sr 1.943 test_sr 1.468
seed 9 HH_hyper: val_sr 1.793 test_sr -0.216
seed 9 HH_clique: val_sr 1.714 test_sr -0.391
seed 9 HH_none: val_sr 1.653 test_sr 0.046
seed 9 EE_hyper: val_sr 1.651 test_sr -0.496
seed 9 EE_clique: val_sr 1.839 test_sr -0.786
seed 9 EE_none: val_sr 1.825 test_sr -0.277
