universe: 309 stocks, 73 hyperedges, 309 stocks in >=1 hyperedge
seed 0 HH_hyper: val_sr 0.997 test_sr 1.831
seed 0 HH_clique: val_sr 1.116 test_sr 0.371
seed 0 HH_none: val_sr 1.494 test_sr 0.823
seed 0 EE_hyper: val_sr 2.057 test_sr -0.452
seed 0 EE_clique: val_sr 1.611 test_sr 0.271
seed 0 EE_none: val_sr 1.448 test_sr 0.203
seed 1 HH_hyper: val_sr 1.132 test_sr 1.826
seed 1 HH_clique: val_sr 1.263 test_sr 0.629
seed 1 HH_none: val_sr 1.641 test_sr 0.375
seed 1 EE_hyper: val_sr 1.859 test_sr 0.888
seed 1 EE_clique: val_sr 1.436 test_sr 0.019
seed 1 EE_none: val_sr 1.674 test_sr -0.064
seed 2 HH_hyper: val_sr 1.614 test_sr 0.689
seed 2 HH_clique: val_sr 1.420 test_sr 1.853
seed 2 HH_none: val_sr 2.101 test_sr -0.188
seed 2 EE_hyper: val_sr 1.476 test_sr -0.435
seed 2 EE_clique: val_sr 1.518 test_sr -0.129
seed 2 EE_none: val_sr 1.691 test_sr 0.058
seed 3 HH_hyper: val_sr 1.837 test_sr -0.874
seed 3 HH_clique: val_sr 1.389 test_sr 0.049
seed 3 HH_none: val_sr 1.694 test_sr 0.490
seed 3 EE_hyper: val_sr 1.948 test_sr 0.362
seed 3 EE_clique: val_sr 1.966 test_sr -0.360
seed 3 EE_none: val_sr 2.186 test_sr 0.635
seed 4 HH_hyper: val_sr 1.244 test_sr 0.088
seed 4 HH_clique: val_sr 0.732 test_sr -0.440
seed 4 HH_none: val_sr 1.569 test_sr 0.698
seed 4 EE_hyper: val_sr 2.043 test_sr -0.763
seed 4 EE_clique: val_sr 2.022 test_sr 0.980
seed 4 EE_none: val_sr 1.812 test_sr -0.454
seed 5 HH_hyper: val_sr 1.778 test_sr 0.211
seed 5 HH_clique: val_sr 1.450 test_sr 0.023
seed 5 HH_none: val_sr 2.035 test_sr 0.597
seed 5 EE_hyper: val_sr 2.060 test_sr -0.795
seed 5 EE_clique: val_sr 1.698 test_sr -0.131
seed 5 EE_none: val_sr 2.400 test_sr -0.117
seed 6 HH_hyper: val_sr 1.363 test_sr -1.243
seed 6 HH_clique: val_sr 1.201 test_sr 0.480
seed 6 HH_none: val_sr 1.616 test_sr 0.995
seed 6 EE_hyper: val_sr 1.874 test_sr -0.288
seed 6 EE_clique: val_sr 1.754 test_sr 0.027
seed 6 EE_none: val_sr 1.642 test_sr 0.055
seed 7 HH_hyper: val_sr 0.822 test_sr 2.924
seed 7 HH_clique: val_sr 1.535 test_sr -0.028
seed 7 HH_none: val_sr 1.568 test_sr -0.152
seed 7 EE_hyper: val_sr 1.859 test_sr 0.832
seed 7 EE_clique: val_sr 2.033 test_sr 0.442
seed 7 EE_none: val_sr 1.470 test_sr 0.429
seed 8 HH_hyper: val_sr 1.323 test_sr 0.135
seed 8 HH_clique: val_sr 1.703 test_sr 0.070
seed 8 HH_none: val_sr 1.566 test_sr 0.745
seed 8 EE_hyper: val_sr 1.573 test_sr -0.083
seed 8 EE_clique: val_sr 1.545 test_sr -0.143
seed 8 EE_none: val_sr 1.776 test_sr -0.090
seed 9 HH_hyper: val_sr 1.177 test_sr -0.787
seed 9 HH_clique: val_sr 1.381 test_sr 2.848
seed 9 HH_none: val_sr 1.678 test_sr 0.460
seed 9 EE_hyper: val_sr 2.002 test_sr -0.551
seed 9 EE_clique: val_sr 1.617 test_sr -0.255
seed 9 EE_none: val_sr 2.645 test_sr -0.042
