universe: 309 stocks, 73 hyperedges, 309 stocks in >=1 hyperedge
seed 0 HH_hyper: val_sr 0.426 test_sr 1.658
seed 0 HH_clique: val_sr 0.991 test_sr 0.910
seed 1 HH_hyper: val_sr 0.995 test_sr 0.951
Traceback (most recent call last):
  File "C:\Users\Hi\Projects - Coding\Hypershift\scripts\poc_sectors.py", line 20, in <module>
    from hypershift.eval.baselines import evaluate_baselines
  File "C:\Users\Hi\Projects - Coding\Hypershift\src\hypershift\eval\baselines.py", line 4, in <module>
    from hypershift.eval.metrics import cumulative_return, evaluate_all, irr, max_drawdown, sharpe
  File "C:\Users\Hi\Projects - Coding\Hypershift\src\hypershift\eval\metrics.py", line 7, in <module>
    from sklearn.metrics import ndcg_score
  File "C:\Users\Hi\Projects - Coding\Hypershift\.venv\Lib\site-packages\sklearn\__init__.py", line 70, in <module>
    from sklearn.base import clone  # noqa: E402
    ^^^^^^^^^^^^^^^^^^^^^^^^^^^^^^
  File "C:\Users\Hi\Projects - Coding\Hypershift\.venv\Lib\site-packages\sklearn\base.py", line 20, in <module>
    from sklearn.utils._metadata_requests import _MetadataRequester, _routing_enabled
  File "C:\Users\Hi\Projects - Coding\Hypershift\.venv\Lib\site-packages\sklearn\utils\__init__.py", line 9, in <module>
    from sklearn.utils._chunking import gen_batches, gen_even_slices
  File "C:\Users\Hi\Projects - Coding\Hypershift\.venv\Lib\site-packages\sklearn\utils\_chunking.py", line 11, in <module>
    from sklearn.utils._param_validation import Interval, validate_params
  File "C:\Users\Hi\Projects - Coding\Hypershift\.venv\Lib\site-packages\sklearn\utils\_param_validation.py", line 17, in <module>
    from sklearn.utils.validation import _is_arraylike_not_scalar
  File "C:\Users\Hi\Projects - Coding\Hypershift\.venv\Lib\site-packages\sklearn\utils\validation.py", line 24, in <module>
    from sklearn.utils._array_api import (
  File "C:\Users\Hi\Projects - Coding\Hypershift\.venv\Lib\site-packages\sklearn\utils\_array_api.py", line 23, in <module>
    from sklearn.utils.fixes import parse_version
  File "C:\Users\Hi\Projects - Coding\Hypershift\.venv\Lib\site-packages\sklearn\utils\fixes.py", line 16, in <module>
    import scipy.stats
  File "C:\Users\Hi\Projects - Coding\Hypershift\.venv\Lib\site-packages\scipy\stats\__init__.py", line 629, in <module>
    from ._mgc import multiscale_graphcorr
  File "C:\Users\Hi\Projects - Coding\Hypershift\.venv\Lib\site-packages\scipy\stats\_mgc.py", line 8, in <module>
    from scipy.ndimage import _measurements
  File "C:\Users\Hi\Projects - Coding\Hypershift\.venv\Lib\site-packages\scipy\ndimage\__init__.py", line 157, in <module>
    from ._support_alternative_backends import *
  File "C:\Users\Hi\Projects - Coding\Hypershift\.venv\Lib\site-packages\scipy\ndimage\_support_alternative_backends.py", line 7, in <module>
    from ._ndimage_api import *   # noqa: F403
    ^^^^^^^^^^^^^^^^^^^^^^^^^^^
  File "C:\Users\Hi\Projects - Coding\Hypershift\.venv\Lib\site-packages\scipy\ndimage\_ndimage_api.py", line 9, in <module>
    from ._filters import *    # noqa: F403
    ^^^^^^^^^^^^^^^^^^^^^^^
  File "C:\Users\Hi\Projects - Coding\Hypershift\.venv\Lib\site-packages\scipy\ndimage\_filters.py", line 41, in <module>
    from . import _nd_image
ImportError: DLL load failed while importing _nd_image: An Application Control policy has blocked this file.
universe: 309 stocks, 73 hyperedges, 309 stocks in >=1 hyperedge
seed 0 HH_hyper: val_sr 0.426 test_sr 1.658
seed 0 HH_clique: val_sr 0.991 test_sr 0.910
seed 1 HH_hyper: val_sr 0.995 test_sr 0.951
seed 1 HH_clique: val_sr 0.873 test_sr 1.073
seed 2 HH_hyper: val_sr 1.633 test_sr 0.742
seed 2 HH_clique: val_sr 0.880 test_sr -1.068
seed 3 HH_hyper: val_sr 0.741 test_sr 0.988
seed 3 HH_clique: val_sr 1.428 test_sr 0.346
seed 4 HH_hyper: val_sr 1.380 test_sr -0.184
seed 4 HH_clique: val_sr 0.573 test_sr 0.867
seed 5 HH_hyper: val_sr 1.797 test_sr 0.229
seed 5 HH_clique: val_sr 1.210 test_sr 0.208
seed 6 HH_hyper: val_sr 1.375 test_sr -1.191
seed 6 HH_clique: val_sr 1.107 test_sr 0.350
seed 7 HH_hyper: val_sr 0.829 test_sr 2.909
seed 7 HH_clique: val_sr 1.494 test_sr 0.262
seed 8 HH_hyper: val_sr 1.250 test_sr 0.334
seed 8 HH_clique: val_sr 1.511 test_sr 0.053
seed 9 HH_hyper: val_sr 1.145 test_sr -0.780
seed 9 HH_clique: val_sr 0.768 test_sr 0.565
